  Determining projects to restore...
C:\Users\mtnoo\OneDrive\Desktop\EasyHMS\CMSAPI\CMSAPI.Tests\CMSAPI.Tests.csproj : warning NU1510: PackageReference Microsoft.Extensions.Options will not be pruned. Consider removing this package from your dependencies, as it is likely unnecessary.
  All projects are up-to-date for restore.
C:\Users\mtnoo\OneDrive\Desktop\EasyHMS\CMSAPI\CMSAPI.Tests\CMSAPI.Tests.csproj : warning NU1510: PackageReference Microsoft.Extensions.Options will not be pruned. Consider removing this package from your dependencies, as it is likely unnecessary.
  CMSAPI.Domain -> C:\Users\mtnoo\OneDrive\Desktop\EasyHMS\CMSAPI\CMSAPI.Domain\bin\Debug\net10.0\CMSAPI.Domain.dll
  CMSAPI.Application -> C:\Users\mtnoo\OneDrive\Desktop\EasyHMS\CMSAPI\CMSAPI.Application\bin\Debug\net10.0\CMSAPI.Application.dll
  CMSAPI.Data -> C:\Users\mtnoo\OneDrive\Desktop\EasyHMS\CMSAPI\CMSAPI.Data\bin\Debug\net10.0\CMSAPI.Data.dll
  CMSAPI -> C:\Users\mtnoo\OneDrive\Desktop\EasyHMS\CMSAPI\CMSAPI\bin\Debug\net10.0\CMSAPI.dll
C:\Users\mtnoo\OneDrive\Desktop\EasyHMS\CMSAPI\CMSAPI.Tests\HospitalRepositoryTests.cs(37,13): error CS0117: 'Hospital' does not contain a definition for 'ContactNumber' [C:\Users\mtnoo\OneDrive\Desktop\EasyHMS\CMSAPI\CMSAPI.Tests\CMSAPI.Tests.csproj]
C:\Users\mtnoo\OneDrive\Desktop\EasyHMS\CMSAPI\CMSAPI.Tests\AuthControllerTests.cs(47,83): warning CS8632: The annotation for nullable reference types should only be used in code within a '#nullable' annotations context. [C:\Users\mtnoo\OneDrive\Desktop\EasyHMS\CMSAPI\CMSAPI.Tests\CMSAPI.Tests.csproj]
C:\Users\mtnoo\OneDrive\Desktop\EasyHMS\CMSAPI\CMSAPI.Tests\HospitalsControllerTests.cs(72,90): warning CS8632: The annotation for nullable reference types should only be used in code within a '#nullable' annotations context. [C:\Users\mtnoo\OneDrive\Desktop\EasyHMS\CMSAPI\CMSAPI.Tests\CMSAPI.Tests.csproj]

Build FAILED.

C:\Users\mtnoo\OneDrive\Desktop\EasyHMS\CMSAPI\CMSAPI.Tests\CMSAPI.Tests.csproj : warning NU1510: PackageReference Microsoft.Extensions.Options will not be pruned. Consider removing this package from your dependencies, as it is likely unnecessary.
C:\Users\mtnoo\OneDrive\Desktop\EasyHMS\CMSAPI\CMSAPI.Tests\CMSAPI.Tests.csproj : warning NU1510: PackageReference Microsoft.Extensions.Options will not be pruned. Consider removing this package from your dependencies, as it is likely unnecessary.
C:\Users\mtnoo\OneDrive\Desktop\EasyHMS\CMSAPI\CMSAPI.Tests\AuthControllerTests.cs(47,83): warning CS8632: The annotation for nullable reference types should only be used in code within a '#nullable' annotations context. [C:\Users\mtnoo\OneDrive\Desktop\EasyHMS\CMSAPI\CMSAPI.Tests\CMSAPI.Tests.csproj]
C:\Users\mtnoo\OneDrive\Desktop\EasyHMS\CMSAPI\CMSAPI.Tests\HospitalsControllerTests.cs(72,90): warning CS8632: The annotation for nullable reference types should only be used in code within a '#nullable' annotations context. [C:\Users\mtnoo\OneDrive\Desktop\EasyHMS\CMSAPI\CMSAPI.Tests\CMSAPI.Tests.csproj]
C:\Users\mtnoo\OneDrive\Desktop\EasyHMS\CMSAPI\CMSAPI.Tests\HospitalRepositoryTests.cs(37,13): error CS0117: 'Hospital' does not contain a definition for 'ContactNumber' [C:\Users\mtnoo\OneDrive\Desktop\EasyHMS\CMSAPI\CMSAPI.Tests\CMSAPI.Tests.csproj]
    4 Warning(s)
    1 Error(s)

Time Elapsed 00:00:03.06
